Unknown:
C:\Users\adicu\TECHIE\cst\868Mhz_rt_doroid\Result\bdensx.adt
C:\Users\adicu\TECHIE\cst\868Mhz_rt_doroid\Result\bdensy.adt
C:\Users\adicu\TECHIE\cst\868Mhz_rt_doroid\Result\bdensz.adt
C:\Users\adicu\TECHIE\cst\868Mhz_rt_doroid\Result\edensx.adt
C:\Users\adicu\TECHIE\cst\868Mhz_rt_doroid\Result\edensy.adt
C:\Users\adicu\TECHIE\cst\868Mhz_rt_doroid\Result\edensz.adt
C:\Users\adicu\TECHIE\cst\868Mhz_rt_doroid\Result\farfield (f=0e+)_2.fme
C:\Users\adicu\TECHIE\cst\868Mhz_rt_doroid\Result\hardware_resources.sconf
C:\Users\adicu\TECHIE\cst\868Mhz_rt_doroid\Result\Hex.gap
C:\Users\adicu\TECHIE\cst\868Mhz_rt_doroid\Result\hexmeshengine.log
C:\Users\adicu\TECHIE\cst\868Mhz_rt_doroid\Result\MCalc-SV.log
C:\Users\adicu\TECHIE\cst\868Mhz_rt_doroid\Result\MCalc.ddi
C:\Users\adicu\TECHIE\cst\868Mhz_rt_doroid\Result\MCalc.log
C:\Users\adicu\TECHIE\cst\868Mhz_rt_doroid\Result\ml_info.log
C:\Users\adicu\TECHIE\cst\868Mhz_rt_doroid\Result\Model.amr
C:\Users\adicu\TECHIE\cst\868Mhz_rt_doroid\Result\Model.axg
C:\Users\adicu\TECHIE\cst\868Mhz_rt_doroid\Result\Model.coco
C:\Users\adicu\TECHIE\cst\868Mhz_rt_doroid\Result\Model.csid
C:\Users\adicu\TECHIE\cst\868Mhz_rt_doroid\Result\Model.ddi
C:\Users\adicu\TECHIE\cst\868Mhz_rt_doroid\Result\Model.elg
C:\Users\adicu\TECHIE\cst\868Mhz_rt_doroid\Result\Model.log
C:\Users\adicu\TECHIE\cst\868Mhz_rt_doroid\Result\Model.mlg
C:\Users\adicu\TECHIE\cst\868Mhz_rt_doroid\Result\Model.sam
C:\Users\adicu\TECHIE\cst\868Mhz_rt_doroid\Result\ModelPBA.axg
C:\Users\adicu\TECHIE\cst\868Mhz_rt_doroid\Result\Model_2.csid
C:\Users\adicu\TECHIE\cst\868Mhz_rt_doroid\Result\Model_2.sam
C:\Users\adicu\TECHIE\cst\868Mhz_rt_doroid\Result\m^fqq.dsc
C:\Users\adicu\TECHIE\cst\868Mhz_rt_doroid\Result\Ports.web
C:\Users\adicu\TECHIE\cst\868Mhz_rt_doroid\Result\p^a.dsc
C:\Users\adicu\TECHIE\cst\868Mhz_rt_doroid\Result\P^m^fb.slog
C:\Users\adicu\TECHIE\cst\868Mhz_rt_doroid\Result\P^m^fbqq.slog
C:\Users\adicu\TECHIE\cst\868Mhz_rt_doroid\Result\P^m^fqq.slog
C:\Users\adicu\TECHIE\cst\868Mhz_rt_doroid\Result\P^p^m.slog
C:\Users\adicu\TECHIE\cst\868Mhz_rt_doroid\Result\P^s^pm.slog
C:\Users\adicu\TECHIE\cst\868Mhz_rt_doroid\Result\Subvolume.log
Mesh:
C:\Users\adicu\TECHIE\cst\868Mhz_rt_doroid\Result\dA.mat
C:\Users\adicu\TECHIE\cst\868Mhz_rt_doroid\Result\dad.mat
C:\Users\adicu\TECHIE\cst\868Mhz_rt_doroid\Result\ds.mat
C:\Users\adicu\TECHIE\cst\868Mhz_rt_doroid\Result\dsd.mat
C:\Users\adicu\TECHIE\cst\868Mhz_rt_doroid\Result\dsMCalc.mat
C:\Users\adicu\TECHIE\cst\868Mhz_rt_doroid\Result\Eps.mat
C:\Users\adicu\TECHIE\cst\868Mhz_rt_doroid\Result\HexMatrix.m2h
C:\Users\adicu\TECHIE\cst\868Mhz_rt_doroid\Result\HexMatrix_MCalc.m2h
C:\Users\adicu\TECHIE\cst\868Mhz_rt_doroid\Result\Kappa.mat
C:\Users\adicu\TECHIE\cst\868Mhz_rt_doroid\Result\MCalc.fmp
C:\Users\adicu\TECHIE\cst\868Mhz_rt_doroid\Result\MCalc.xcfd
C:\Users\adicu\TECHIE\cst\868Mhz_rt_doroid\Result\MCalcCCS_c.mson
C:\Users\adicu\TECHIE\cst\868Mhz_rt_doroid\Result\Meta.m2h
C:\Users\adicu\TECHIE\cst\868Mhz_rt_doroid\Result\Meta.mat
C:\Users\adicu\TECHIE\cst\868Mhz_rt_doroid\Result\Model-fmf.msqlite
C:\Users\adicu\TECHIE\cst\868Mhz_rt_doroid\Result\Model.cct
C:\Users\adicu\TECHIE\cst\868Mhz_rt_doroid\Result\Model.fmf
C:\Users\adicu\TECHIE\cst\868Mhz_rt_doroid\Result\Model.fmm
C:\Users\adicu\TECHIE\cst\868Mhz_rt_doroid\Result\Model.fpc
C:\Users\adicu\TECHIE\cst\868Mhz_rt_doroid\Result\Model.fwf
C:\Users\adicu\TECHIE\cst\868Mhz_rt_doroid\Result\Model.sic
C:\Users\adicu\TECHIE\cst\868Mhz_rt_doroid\Result\Model.sid
C:\Users\adicu\TECHIE\cst\868Mhz_rt_doroid\Result\Model.spi
C:\Users\adicu\TECHIE\cst\868Mhz_rt_doroid\Result\Model.svi
C:\Users\adicu\TECHIE\cst\868Mhz_rt_doroid\Result\Model.xcfd
C:\Users\adicu\TECHIE\cst\868Mhz_rt_doroid\Result\Mue.mat
C:\Users\adicu\TECHIE\cst\868Mhz_rt_doroid\Result\m^fqq.mem
C:\Users\adicu\TECHIE\cst\868Mhz_rt_doroid\Result\p2.spi
C:\Users\adicu\TECHIE\cst\868Mhz_rt_doroid\Result\PEC.mat
C:\Users\adicu\TECHIE\cst\868Mhz_rt_doroid\Result\Port2.wgi
C:\Users\adicu\TECHIE\cst\868Mhz_rt_doroid\Result\p^a.mem
C:\Users\adicu\TECHIE\cst\868Mhz_rt_doroid\Result\p^m.mem
C:\Users\adicu\TECHIE\cst\868Mhz_rt_doroid\Result\Rho.mat
C:\Users\adicu\TECHIE\cst\868Mhz_rt_doroid\Result\S2HMatrix.m2h
C:\Users\adicu\TECHIE\cst\868Mhz_rt_doroid\Result\Shapes.con
C:\Users\adicu\TECHIE\cst\868Mhz_rt_doroid\Result\s^pm.mem
Port:
C:\Users\adicu\TECHIE\cst\868Mhz_rt_doroid\Result\adapt_Port2_e1.prt
C:\Users\adicu\TECHIE\cst\868Mhz_rt_doroid\Result\adapt_Port2_e1[0.85].prt
C:\Users\adicu\TECHIE\cst\868Mhz_rt_doroid\Result\adapt_Port2_h1.prt
C:\Users\adicu\TECHIE\cst\868Mhz_rt_doroid\Result\adapt_Port2_h1[0.85].prt
C:\Users\adicu\TECHIE\cst\868Mhz_rt_doroid\Result\Model.pmi
C:\Users\adicu\TECHIE\cst\868Mhz_rt_doroid\Result\Port2_1[0.85].m2d
C:\Users\adicu\TECHIE\cst\868Mhz_rt_doroid\Result\Port2_drv.m2d
C:\Users\adicu\TECHIE\cst\868Mhz_rt_doroid\Result\Port2_e1.prt
C:\Users\adicu\TECHIE\cst\868Mhz_rt_doroid\Result\Port2_e1[0.85].prt
C:\Users\adicu\TECHIE\cst\868Mhz_rt_doroid\Result\Port2_h1.prt
C:\Users\adicu\TECHIE\cst\868Mhz_rt_doroid\Result\Port2_h1[0.85].prt
