Unknown:
C:\Users\adicu\TECHIE\cst\868mhz\Result\bdensx.adt
C:\Users\adicu\TECHIE\cst\868mhz\Result\bdensy.adt
C:\Users\adicu\TECHIE\cst\868mhz\Result\bdensz.adt
C:\Users\adicu\TECHIE\cst\868mhz\Result\edensx.adt
C:\Users\adicu\TECHIE\cst\868mhz\Result\edensy.adt
C:\Users\adicu\TECHIE\cst\868mhz\Result\edensz.adt
C:\Users\adicu\TECHIE\cst\868mhz\Result\farfield (f=0.868)_1.fme
C:\Users\adicu\TECHIE\cst\868mhz\Result\hardware_resources.sconf
C:\Users\adicu\TECHIE\cst\868mhz\Result\Hex.gap
C:\Users\adicu\TECHIE\cst\868mhz\Result\hexmeshengine.log
C:\Users\adicu\TECHIE\cst\868mhz\Result\MCalc-SV.log
C:\Users\adicu\TECHIE\cst\868mhz\Result\MCalc.ddi
C:\Users\adicu\TECHIE\cst\868mhz\Result\MCalc.log
C:\Users\adicu\TECHIE\cst\868mhz\Result\ml_info.log
C:\Users\adicu\TECHIE\cst\868mhz\Result\Model.axg
C:\Users\adicu\TECHIE\cst\868mhz\Result\Model.coco
C:\Users\adicu\TECHIE\cst\868mhz\Result\Model.csid
C:\Users\adicu\TECHIE\cst\868mhz\Result\Model.ddi
C:\Users\adicu\TECHIE\cst\868mhz\Result\Model.elg
C:\Users\adicu\TECHIE\cst\868mhz\Result\Model.log
C:\Users\adicu\TECHIE\cst\868mhz\Result\Model.mlg
C:\Users\adicu\TECHIE\cst\868mhz\Result\Model.sam
C:\Users\adicu\TECHIE\cst\868mhz\Result\ModelPBA.axg
C:\Users\adicu\TECHIE\cst\868mhz\Result\Model_1.csid
C:\Users\adicu\TECHIE\cst\868mhz\Result\Model_1.sam
C:\Users\adicu\TECHIE\cst\868mhz\Result\m^fqq.dsc
C:\Users\adicu\TECHIE\cst\868mhz\Result\Ports.web
C:\Users\adicu\TECHIE\cst\868mhz\Result\PP-MCalc.log
C:\Users\adicu\TECHIE\cst\868mhz\Result\PP-Prio.log
C:\Users\adicu\TECHIE\cst\868mhz\Result\p^a.dsc
C:\Users\adicu\TECHIE\cst\868mhz\Result\P^m^fb.slog
C:\Users\adicu\TECHIE\cst\868mhz\Result\P^m^fbqq.slog
C:\Users\adicu\TECHIE\cst\868mhz\Result\P^m^fqq.slog
C:\Users\adicu\TECHIE\cst\868mhz\Result\P^p^m.slog
C:\Users\adicu\TECHIE\cst\868mhz\Result\P^s^pm.slog
C:\Users\adicu\TECHIE\cst\868mhz\Result\Subvolume.log
Mesh:
C:\Users\adicu\TECHIE\cst\868mhz\Result\dA.mat
C:\Users\adicu\TECHIE\cst\868mhz\Result\dad.mat
C:\Users\adicu\TECHIE\cst\868mhz\Result\ds.mat
C:\Users\adicu\TECHIE\cst\868mhz\Result\dsd.mat
C:\Users\adicu\TECHIE\cst\868mhz\Result\dsMCalc.mat
C:\Users\adicu\TECHIE\cst\868mhz\Result\Eps.mat
C:\Users\adicu\TECHIE\cst\868mhz\Result\HexMatrix.m2h
C:\Users\adicu\TECHIE\cst\868mhz\Result\HexMatrix_MCalc.m2h
C:\Users\adicu\TECHIE\cst\868mhz\Result\Kappa.mat
C:\Users\adicu\TECHIE\cst\868mhz\Result\MCalc.fmp
C:\Users\adicu\TECHIE\cst\868mhz\Result\MCalc.xcfd
C:\Users\adicu\TECHIE\cst\868mhz\Result\MCalcCCS_c.mson
C:\Users\adicu\TECHIE\cst\868mhz\Result\Meta.m2h
C:\Users\adicu\TECHIE\cst\868mhz\Result\Meta.mat
C:\Users\adicu\TECHIE\cst\868mhz\Result\Model-fmf.msqlite
C:\Users\adicu\TECHIE\cst\868mhz\Result\Model.cct
C:\Users\adicu\TECHIE\cst\868mhz\Result\Model.fmf
C:\Users\adicu\TECHIE\cst\868mhz\Result\Model.fmm
C:\Users\adicu\TECHIE\cst\868mhz\Result\Model.fpc
C:\Users\adicu\TECHIE\cst\868mhz\Result\Model.fwf
C:\Users\adicu\TECHIE\cst\868mhz\Result\Model.sic
C:\Users\adicu\TECHIE\cst\868mhz\Result\Model.sid
C:\Users\adicu\TECHIE\cst\868mhz\Result\Model.spi
C:\Users\adicu\TECHIE\cst\868mhz\Result\Model.svi
C:\Users\adicu\TECHIE\cst\868mhz\Result\Model.xcfd
C:\Users\adicu\TECHIE\cst\868mhz\Result\Mue.mat
C:\Users\adicu\TECHIE\cst\868mhz\Result\m^fqq.mem
C:\Users\adicu\TECHIE\cst\868mhz\Result\p1.spi
C:\Users\adicu\TECHIE\cst\868mhz\Result\PEC.mat
C:\Users\adicu\TECHIE\cst\868mhz\Result\Port1.wgi
C:\Users\adicu\TECHIE\cst\868mhz\Result\p^a.mem
C:\Users\adicu\TECHIE\cst\868mhz\Result\p^m.mem
C:\Users\adicu\TECHIE\cst\868mhz\Result\Rho.mat
C:\Users\adicu\TECHIE\cst\868mhz\Result\S2HMatrix.m2h
C:\Users\adicu\TECHIE\cst\868mhz\Result\Shapes.con
C:\Users\adicu\TECHIE\cst\868mhz\Result\s^pm.mem
Port:
C:\Users\adicu\TECHIE\cst\868mhz\Result\adapt_Port1_e1.prt
C:\Users\adicu\TECHIE\cst\868mhz\Result\adapt_Port1_e1[0.85].prt
C:\Users\adicu\TECHIE\cst\868mhz\Result\adapt_Port1_h1.prt
C:\Users\adicu\TECHIE\cst\868mhz\Result\adapt_Port1_h1[0.85].prt
C:\Users\adicu\TECHIE\cst\868mhz\Result\Model.pmi
C:\Users\adicu\TECHIE\cst\868mhz\Result\Port1_1[0.85].m2d
C:\Users\adicu\TECHIE\cst\868mhz\Result\Port1_drv.m2d
C:\Users\adicu\TECHIE\cst\868mhz\Result\Port1_e1.prt
C:\Users\adicu\TECHIE\cst\868mhz\Result\Port1_e1[0.85].prt
C:\Users\adicu\TECHIE\cst\868mhz\Result\Port1_h1.prt
C:\Users\adicu\TECHIE\cst\868mhz\Result\Port1_h1[0.85].prt
