----------------------------------------------------------------------
Mesh Adaptation Pass: 1
----------------------------------------------------------------------
Boundary conditions: 

  YZsymmetry: none
  XZsymmetry: none
  XYsymmetry: none

  Xmin: expanded open, 4 Layer, depth 29.4328 mm
  Xmax: expanded open, 4 Layer, depth 32.9055 mm

  Ymin: expanded open, 4 Layer, depth 29.4328 mm
  Ymax: expanded open, 4 Layer, depth 29.4328 mm

  Zmin: expanded open, 4 Layer, depth 29.8989 mm
  Zmax: expanded open, 4 Layer, depth 33.0346 mm

  PML-Type: Convolution PML
----------------------------------------------------------------------
----------------------------------------------------------------------
Mesh Adaptation Pass: 2
----------------------------------------------------------------------
Boundary conditions: 

  YZsymmetry: none
  XZsymmetry: none
  XYsymmetry: none

  Xmin: expanded open, 4 Layer, depth 29.4328 mm
  Xmax: expanded open, 4 Layer, depth 32.9055 mm

  Ymin: expanded open, 4 Layer, depth 29.4328 mm
  Ymax: expanded open, 4 Layer, depth 29.4328 mm

  Zmin: expanded open, 4 Layer, depth 29.8989 mm
  Zmax: expanded open, 4 Layer, depth 16.5173 mm

  PML-Type: Convolution PML
----------------------------------------------------------------------
